#
# There is insufficient memory for the Java Runtime Environment to continue.
# Native memory allocation (malloc) failed to allocate 260752 bytes. Error detail: Chunk::new
# Possible reasons:
#   The system is out of physical RAM or swap space
#   This process is running with CompressedOops enabled, and the Java Heap may be blocking the growth of the native heap
# Possible solutions:
#   Reduce memory load on the system
#   Increase physical memory or swap space
#   Check if swap backing store is full
#   Decrease Java heap size (-Xmx/-Xms)
#   Decrease number of Java threads
#   Decrease Java thread stack sizes (-Xss)
#   Set larger code cache with -XX:ReservedCodeCacheSize=
#   JVM is running with Zero Based Compressed Oops mode in which the Java heap is
#     placed in the first 32GB address space. The Java Heap base address is the
#     maximum limit for the native heap growth. Please use -XX:HeapBaseMinAddress
#     to set the Java Heap base and to place the Java Heap above 32GB virtual address.
# This output file may be truncated or incomplete.
#
#  Out of Memory Error (arena.cpp:186), pid=28952, tid=12972
#
# JRE version: OpenJDK Runtime Environment Temurin-25+36 (25.0+36) (build 25+36-LTS)
# Java VM: OpenJDK 64-Bit Server VM Temurin-25+36 (25+36-LTS, mixed mode, sharing, tiered, compressed oops, compressed class ptrs, g1 gc, windows-amd64)
# No core dump will be written. Minidumps are not enabled by default on client versions of Windows
#

---------------  S U M M A R Y ------------

Command Line: -javaagent:C:\Program Files\JetBrains\IntelliJ IDEA 2025.2.2\lib\idea_rt.jar=1293 -Dfile.encoding=UTF-8 -Dsun.stdout.encoding=UTF-8 -Dsun.stderr.encoding=UTF-8 com.evshare.backend.BackendApplication

Host: AMD Ryzen 5 6600H with Radeon Graphics         , 12 cores, 15G,  Windows 11 , 64 bit Build 26100 (10.0.26100.8875)
Time: Fri Jul 31 22:14:34 2026 SE Asia Standard Time elapsed time: 2.860387 seconds (0d 0h 0m 2s)

---------------  T H R E A D  ---------------

Current thread (0x000001bd7fc83890):  JavaThread "C2 CompilerThread0" daemon [_thread_in_native, id=12972, stack(0x0000007b53c00000,0x0000007b53d00000) (1024K)]


Current CompileTask:
C2:2860 3518   !   4       java.util.zip.InflaterInputStream::read (129 bytes)

Stack: [0x0000007b53c00000,0x0000007b53d00000]
Native frames: (J=compiled Java code, j=interpreted, Vv=VM code, C=native code)
V  [jvm.dll+0x7a8259]  (no source info available)
V  [jvm.dll+0x7728dd]  (no source info available)
V  [jvm.dll+0x9f5583]  (no source info available)
V  [jvm.dll+0x9f7b71]  (no source info available)
V  [jvm.dll+0x9f8273]  (no source info available)
V  [jvm.dll+0x2fcd26]  (no source info available)
V  [jvm.dll+0x111086]  (no source info available)
V  [jvm.dll+0x1113ae]  (no source info available)
V  [jvm.dll+0x453117]  (no source info available)
V  [jvm.dll+0x253eea]  (no source info available)
V  [jvm.dll+0x2c019c]  (no source info available)
V  [jvm.dll+0x2bf2ef]  (no source info available)
V  [jvm.dll+0x237300]  (no source info available)
V  [jvm.dll+0x2cf386]  (no source info available)
V  [jvm.dll+0x2cd60a]  (no source info available)
V  [jvm.dll+0x48f5ee]  (no source info available)
V  [jvm.dll+0x99610d]  (no source info available)
V  [jvm.dll+0x7a6835]  (no source info available)
C  [ucrtbase.dll+0x2cd30]  (no source info available)
C  [KERNEL32.DLL+0x2e957]  (no source info available)
C  [ntdll.dll+0xaad6c]  (no source info available)

Lock stack of current Java thread (top to bottom):


---------------  P R O C E S S  ---------------

Threads class SMR info:
_java_thread_list=0x000001bd234a8480, length=14, elements={
0x000001bd7de203f0, 0x000001bd7fc66250, 0x000001bd7fc67980, 0x000001bd7fc6cd70,
0x000001bd7fc6ea90, 0x000001bd7fc72140, 0x000001bd7fc72d00, 0x000001bd7fc83890,
0x000001bd7fc8fd60, 0x000001bd1d9ae110, 0x000001bd1da86190, 0x000001bd1dd1ba50,
0x000001bd1dd1c210, 0x000001bd1d9b2190
}

Java Threads: ( => current thread )
  0x000001bd7de203f0 JavaThread "main"                              [_thread_in_vm, id=24460, stack(0x0000007b52e00000,0x0000007b52f00000) (1024K)]
  0x000001bd7fc66250 JavaThread "Reference Handler"          daemon [_thread_blocked, id=29080, stack(0x0000007b53600000,0x0000007b53700000) (1024K)]
  0x000001bd7fc67980 JavaThread "Finalizer"                  daemon [_thread_blocked, id=11404, stack(0x0000007b53700000,0x0000007b53800000) (1024K)]
  0x000001bd7fc6cd70 JavaThread "Signal Dispatcher"          daemon [_thread_blocked, id=24380, stack(0x0000007b53800000,0x0000007b53900000) (1024K)]
  0x000001bd7fc6ea90 JavaThread "Attach Listener"            daemon [_thread_blocked, id=3372, stack(0x0000007b53900000,0x0000007b53a00000) (1024K)]
  0x000001bd7fc72140 JavaThread "Service Thread"             daemon [_thread_blocked, id=18560, stack(0x0000007b53a00000,0x0000007b53b00000) (1024K)]
  0x000001bd7fc72d00 JavaThread "Monitor Deflation Thread"   daemon [_thread_blocked, id=26748, stack(0x0000007b53b00000,0x0000007b53c00000) (1024K)]
=>0x000001bd7fc83890 JavaThread "C2 CompilerThread0"         daemon [_thread_in_native, id=12972, stack(0x0000007b53c00000,0x0000007b53d00000) (1024K)]
  0x000001bd7fc8fd60 JavaThread "C1 CompilerThread0"         daemon [_thread_blocked, id=2964, stack(0x0000007b53d00000,0x0000007b53e00000) (1024K)]
  0x000001bd1d9ae110 JavaThread "C2 CompilerThread1"         daemon [_thread_in_native, id=28524, stack(0x0000007b53e00000,0x0000007b53f00000) (1024K)]
  0x000001bd1da86190 JavaThread "Common-Cleaner"             daemon [_thread_blocked, id=18040, stack(0x0000007b53f00000,0x0000007b54000000) (1024K)]
  0x000001bd1dd1ba50 JavaThread "Monitor Ctrl-Break"         daemon [_thread_in_native, id=12956, stack(0x0000007b54000000,0x0000007b54100000) (1024K)]
  0x000001bd1dd1c210 JavaThread "Notification Thread"        daemon [_thread_blocked, id=13368, stack(0x0000007b54100000,0x0000007b54200000) (1024K)]
  0x000001bd1d9b2190 JavaThread "C2 CompilerThread2"         daemon [_thread_in_native, id=10028, stack(0x0000007b54900000,0x0000007b54a00000) (1024K)]
Total: 14

Other Threads:
  0x000001bd7fc51850 VMThread "VM Thread"                           [id=12844, stack(0x0000007b53500000,0x0000007b53600000) (1024K)]
  0x000001bd7fb1e320 WatcherThread "VM Periodic Task Thread"        [id=18032, stack(0x0000007b53400000,0x0000007b53500000) (1024K)]
  0x000001bd7de88b40 WorkerThread "GC Thread#0"                     [id=27956, stack(0x0000007b52f00000,0x0000007b53000000) (1024K)]
  0x000001bd223339f0 WorkerThread "GC Thread#1"                     [id=27264, stack(0x0000007b54300000,0x0000007b54400000) (1024K)]
  0x000001bd22334b30 WorkerThread "GC Thread#2"                     [id=3408, stack(0x0000007b54400000,0x0000007b54500000) (1024K)]
  0x000001bd23054150 WorkerThread "GC Thread#3"                     [id=26644, stack(0x0000007b54500000,0x0000007b54600000) (1024K)]
  0x000001bd23053d00 WorkerThread "GC Thread#4"                     [id=15840, stack(0x0000007b54600000,0x0000007b54700000) (1024K)]
  0x000001bd230570c0 WorkerThread "GC Thread#5"                     [id=12568, stack(0x0000007b54700000,0x0000007b54800000) (1024K)]
  0x000001bd230545a0 WorkerThread "GC Thread#6"                     [id=21896, stack(0x0000007b54800000,0x0000007b54900000) (1024K)]
  0x000001bd7dea2510 ConcurrentGCThread "G1 Main Marker"            [id=26432, stack(0x0000007b53000000,0x0000007b53100000) (1024K)]
  0x000001bd7dea3650 WorkerThread "G1 Conc#0"                       [id=18708, stack(0x0000007b53100000,0x0000007b53200000) (1024K)]
  0x000001bd7fb118a0 ConcurrentGCThread "G1 Refine#0"               [id=11676, stack(0x0000007b53200000,0x0000007b53300000) (1024K)]
  0x000001bd7fb12160 ConcurrentGCThread "G1 Service"                [id=19904, stack(0x0000007b53300000,0x0000007b53400000) (1024K)]
Total: 13

Threads with active compile tasks:
C2 CompilerThread0  2928 3518   !   4       java.util.zip.InflaterInputStream::read (129 bytes)
C2 CompilerThread1  2928 3547   !   4       jdk.internal.loader.BuiltinClassLoader::findMiscResource (203 bytes)
C2 CompilerThread2  2928 3640   !   4       java.util.zip.ZipFile::getMetaInfVersions (44 bytes)
Total: 3

VM state: not at safepoint (normal execution)

VM Mutex/Monitor currently owned by a thread:  ([mutex/lock_event])
[0x00007ff8fa114c28] CompiledIC_lock - owner thread: 0x0000000000000000

Heap address: 0x000000070ce00000, size: 3890 MB, Compressed Oops mode: Zero based, Oop shift amount: 3

CDS archive(s) mapped at: [0x0000000034000000-0x0000000034dd0000-0x0000000034dd0000), size 14483456, SharedBaseAddress: 0x0000000034000000, ArchiveRelocationMode: 1.
Compressed class space mapped at: 0x0000000035000000-0x0000000075000000, reserved size: 1073741824
UseCompressedClassPointers 1, UseCompactObjectHeaders 0
Narrow klass pointer bits 32, Max shift 3
Narrow klass base: 0x0000000034000000, Narrow klass shift: 0
Encoding Range: [0x0000000034000000 - 0x0000000134000000), (4294967296 bytes)
Klass Range:    [0x0000000034010000 - 0x0000000075000000), (1090453504 bytes)
Klass ID Range:  [65536 - 1090519033) (1090453497)
Protection zone: [0x0000000034000000 - 0x0000000034010000), (65536 bytes)

GC Precious Log:
 CardTable entry size: 512
 Card Set container configuration: InlinePtr #cards 4 size 8 Array Of Cards #cards 16 size 48 Howl #buckets 8 coarsen threshold 3686 Howl Bitmap #cards 512 size 80 coarsen threshold 460 Card regions per heap region 1 cards per card region 4096
 CPUs: 12 total, 12 available
 Memory: 15557M
 Large Page Support: Disabled
 NUMA Support: Disabled
 Compressed Oops: Enabled (Zero based)
 Heap Region Size: 2M
 Heap Min Capacity: 8M
 Heap Initial Capacity: 244M
 Heap Max Capacity: 3890M
 Pre-touch: Disabled
 Parallel Workers: 10
 Concurrent Workers: 3
 Concurrent Refinement Workers: 10
 Periodic GC: Disabled

Heap:
 garbage-first heap   total reserved 3983360K, committed 251904K, used 58943K [0x000000070ce00000, 0x0000000800000000)
  region size 2048K, 28 young (57344K), 3 survivors (6144K)

Heap Regions: E=young(eden), S=young(survivor), O=old, HS=humongous(starts), HC=humongous(continues), CS=collection set, F=free, TAMS=top-at-mark-start, PB=parsable bottom
|   0|0x000000070ce00000, 0x000000070d000000, 0x000000070d000000|100%| O|  |TAMS 0x000000070ce00000| PB 0x000000070ce00000| Untracked |  0
|   1|0x000000070d000000, 0x000000070d06b230, 0x000000070d200000| 20%| O|  |TAMS 0x000000070d000000| PB 0x000000070d000000| Untracked |  0
|   2|0x000000070d200000, 0x000000070d200000, 0x000000070d400000|  0%| F|  |TAMS 0x000000070d200000| PB 0x000000070d200000| Untracked |  0
|   3|0x000000070d400000, 0x000000070d400000, 0x000000070d600000|  0%| F|  |TAMS 0x000000070d400000| PB 0x000000070d400000| Untracked |  0
|   4|0x000000070d600000, 0x000000070d600000, 0x000000070d800000|  0%| F|  |TAMS 0x000000070d600000| PB 0x000000070d600000| Untracked |  0
|   5|0x000000070d800000, 0x000000070d800000, 0x000000070da00000|  0%| F|  |TAMS 0x000000070d800000| PB 0x000000070d800000| Untracked |  0
|   6|0x000000070da00000, 0x000000070da00000, 0x000000070dc00000|  0%| F|  |TAMS 0x000000070da00000| PB 0x000000070da00000| Untracked |  0
|   7|0x000000070dc00000, 0x000000070dc00000, 0x000000070de00000|  0%| F|  |TAMS 0x000000070dc00000| PB 0x000000070dc00000| Untracked |  0
|   8|0x000000070de00000, 0x000000070de00000, 0x000000070e000000|  0%| F|  |TAMS 0x000000070de00000| PB 0x000000070de00000| Untracked |  0
|   9|0x000000070e000000, 0x000000070e000000, 0x000000070e200000|  0%| F|  |TAMS 0x000000070e000000| PB 0x000000070e000000| Untracked |  0
|  10|0x000000070e200000, 0x000000070e200000, 0x000000070e400000|  0%| F|  |TAMS 0x000000070e200000| PB 0x000000070e200000| Untracked |  0
|  11|0x000000070e400000, 0x000000070e400000, 0x000000070e600000|  0%| F|  |TAMS 0x000000070e400000| PB 0x000000070e400000| Untracked |  0
|  12|0x000000070e600000, 0x000000070e600000, 0x000000070e800000|  0%| F|  |TAMS 0x000000070e600000| PB 0x000000070e600000| Untracked |  0
|  13|0x000000070e800000, 0x000000070e800000, 0x000000070ea00000|  0%| F|  |TAMS 0x000000070e800000| PB 0x000000070e800000| Untracked |  0
|  14|0x000000070ea00000, 0x000000070ea00000, 0x000000070ec00000|  0%| F|  |TAMS 0x000000070ea00000| PB 0x000000070ea00000| Untracked |  0
|  15|0x000000070ec00000, 0x000000070ec00000, 0x000000070ee00000|  0%| F|  |TAMS 0x000000070ec00000| PB 0x000000070ec00000| Untracked |  0
|  16|0x000000070ee00000, 0x000000070ee00000, 0x000000070f000000|  0%| F|  |TAMS 0x000000070ee00000| PB 0x000000070ee00000| Untracked |  0
|  17|0x000000070f000000, 0x000000070f000000, 0x000000070f200000|  0%| F|  |TAMS 0x000000070f000000| PB 0x000000070f000000| Untracked |  0
|  18|0x000000070f200000, 0x000000070f200000, 0x000000070f400000|  0%| F|  |TAMS 0x000000070f200000| PB 0x000000070f200000| Untracked |  0
|  19|0x000000070f400000, 0x000000070f400000, 0x000000070f600000|  0%| F|  |TAMS 0x000000070f400000| PB 0x000000070f400000| Untracked |  0
|  20|0x000000070f600000, 0x000000070f600000, 0x000000070f800000|  0%| F|  |TAMS 0x000000070f600000| PB 0x000000070f600000| Untracked |  0
|  21|0x000000070f800000, 0x000000070f800000, 0x000000070fa00000|  0%| F|  |TAMS 0x000000070f800000| PB 0x000000070f800000| Untracked |  0
|  22|0x000000070fa00000, 0x000000070fa00000, 0x000000070fc00000|  0%| F|  |TAMS 0x000000070fa00000| PB 0x000000070fa00000| Untracked |  0
|  23|0x000000070fc00000, 0x000000070fc00000, 0x000000070fe00000|  0%| F|  |TAMS 0x000000070fc00000| PB 0x000000070fc00000| Untracked |  0
|  24|0x000000070fe00000, 0x000000070fe00000, 0x0000000710000000|  0%| F|  |TAMS 0x000000070fe00000| PB 0x000000070fe00000| Untracked |  0
|  25|0x0000000710000000, 0x0000000710000000, 0x0000000710200000|  0%| F|  |TAMS 0x0000000710000000| PB 0x0000000710000000| Untracked |  0
|  26|0x0000000710200000, 0x0000000710200000, 0x0000000710400000|  0%| F|  |TAMS 0x0000000710200000| PB 0x0000000710200000| Untracked |  0
|  27|0x0000000710400000, 0x0000000710400000, 0x0000000710600000|  0%| F|  |TAMS 0x0000000710400000| PB 0x0000000710400000| Untracked |  0
|  28|0x0000000710600000, 0x0000000710600000, 0x0000000710800000|  0%| F|  |TAMS 0x0000000710600000| PB 0x0000000710600000| Untracked |  0
|  29|0x0000000710800000, 0x0000000710800000, 0x0000000710a00000|  0%| F|  |TAMS 0x0000000710800000| PB 0x0000000710800000| Untracked |  0
|  30|0x0000000710a00000, 0x0000000710a00000, 0x0000000710c00000|  0%| F|  |TAMS 0x0000000710a00000| PB 0x0000000710a00000| Untracked |  0
|  31|0x0000000710c00000, 0x0000000710c00000, 0x0000000710e00000|  0%| F|  |TAMS 0x0000000710c00000| PB 0x0000000710c00000| Untracked |  0
|  32|0x0000000710e00000, 0x0000000710e00000, 0x0000000711000000|  0%| F|  |TAMS 0x0000000710e00000| PB 0x0000000710e00000| Untracked |  0
|  33|0x0000000711000000, 0x0000000711000000, 0x0000000711200000|  0%| F|  |TAMS 0x0000000711000000| PB 0x0000000711000000| Untracked |  0
|  34|0x0000000711200000, 0x0000000711200000, 0x0000000711400000|  0%| F|  |TAMS 0x0000000711200000| PB 0x0000000711200000| Untracked |  0
|  35|0x0000000711400000, 0x0000000711400000, 0x0000000711600000|  0%| F|  |TAMS 0x0000000711400000| PB 0x0000000711400000| Untracked |  0
|  36|0x0000000711600000, 0x0000000711600000, 0x0000000711800000|  0%| F|  |TAMS 0x0000000711600000| PB 0x0000000711600000| Untracked |  0
|  37|0x0000000711800000, 0x0000000711800000, 0x0000000711a00000|  0%| F|  |TAMS 0x0000000711800000| PB 0x0000000711800000| Untracked |  0
|  38|0x0000000711a00000, 0x0000000711a00000, 0x0000000711c00000|  0%| F|  |TAMS 0x0000000711a00000| PB 0x0000000711a00000| Untracked |  0
|  39|0x0000000711c00000, 0x0000000711c00000, 0x0000000711e00000|  0%| F|  |TAMS 0x0000000711c00000| PB 0x0000000711c00000| Untracked |  0
|  40|0x0000000711e00000, 0x0000000711e00000, 0x0000000712000000|  0%| F|  |TAMS 0x0000000711e00000| PB 0x0000000711e00000| Untracked |  0
|  41|0x0000000712000000, 0x0000000712000000, 0x0000000712200000|  0%| F|  |TAMS 0x0000000712000000| PB 0x0000000712000000| Untracked |  0
|  42|0x0000000712200000, 0x0000000712200000, 0x0000000712400000|  0%| F|  |TAMS 0x0000000712200000| PB 0x0000000712200000| Untracked |  0
|  43|0x0000000712400000, 0x0000000712400000, 0x0000000712600000|  0%| F|  |TAMS 0x0000000712400000| PB 0x0000000712400000| Untracked |  0
|  44|0x0000000712600000, 0x0000000712600000, 0x0000000712800000|  0%| F|  |TAMS 0x0000000712600000| PB 0x0000000712600000| Untracked |  0
|  45|0x0000000712800000, 0x0000000712800000, 0x0000000712a00000|  0%| F|  |TAMS 0x0000000712800000| PB 0x0000000712800000| Untracked |  0
|  46|0x0000000712a00000, 0x0000000712a00000, 0x0000000712c00000|  0%| F|  |TAMS 0x0000000712a00000| PB 0x0000000712a00000| Untracked |  0
|  47|0x0000000712c00000, 0x0000000712c00000, 0x0000000712e00000|  0%| F|  |TAMS 0x0000000712c00000| PB 0x0000000712c00000| Untracked |  0
|  48|0x0000000712e00000, 0x0000000712e00000, 0x0000000713000000|  0%| F|  |TAMS 0x0000000712e00000| PB 0x0000000712e00000| Untracked |  0
|  49|0x0000000713000000, 0x0000000713000000, 0x0000000713200000|  0%| F|  |TAMS 0x0000000713000000| PB 0x0000000713000000| Untracked |  0
|  50|0x0000000713200000, 0x0000000713200000, 0x0000000713400000|  0%| F|  |TAMS 0x0000000713200000| PB 0x0000000713200000| Untracked |  0
|  51|0x0000000713400000, 0x0000000713400000, 0x0000000713600000|  0%| F|  |TAMS 0x0000000713400000| PB 0x0000000713400000| Untracked |  0
|  52|0x0000000713600000, 0x0000000713600000, 0x0000000713800000|  0%| F|  |TAMS 0x0000000713600000| PB 0x0000000713600000| Untracked |  0
|  53|0x0000000713800000, 0x0000000713800000, 0x0000000713a00000|  0%| F|  |TAMS 0x0000000713800000| PB 0x0000000713800000| Untracked |  0
|  54|0x0000000713a00000, 0x0000000713a00000, 0x0000000713c00000|  0%| F|  |TAMS 0x0000000713a00000| PB 0x0000000713a00000| Untracked |  0
|  55|0x0000000713c00000, 0x0000000713c00000, 0x0000000713e00000|  0%| F|  |TAMS 0x0000000713c00000| PB 0x0000000713c00000| Untracked |  0
|  56|0x0000000713e00000, 0x0000000713e00000, 0x0000000714000000|  0%| F|  |TAMS 0x0000000713e00000| PB 0x0000000713e00000| Untracked |  0
|  57|0x0000000714000000, 0x0000000714000000, 0x0000000714200000|  0%| F|  |TAMS 0x0000000714000000| PB 0x0000000714000000| Untracked |  0
|  58|0x0000000714200000, 0x0000000714200000, 0x0000000714400000|  0%| F|  |TAMS 0x0000000714200000| PB 0x0000000714200000| Untracked |  0
|  59|0x0000000714400000, 0x0000000714400000, 0x0000000714600000|  0%| F|  |TAMS 0x0000000714400000| PB 0x0000000714400000| Untracked |  0
|  60|0x0000000714600000, 0x0000000714600000, 0x0000000714800000|  0%| F|  |TAMS 0x0000000714600000| PB 0x0000000714600000| Untracked |  0
|  61|0x0000000714800000, 0x0000000714800000, 0x0000000714a00000|  0%| F|  |TAMS 0x0000000714800000| PB 0x0000000714800000| Untracked |  0
|  62|0x0000000714a00000, 0x0000000714a00000, 0x0000000714c00000|  0%| F|  |TAMS 0x0000000714a00000| PB 0x0000000714a00000| Untracked |  0
|  63|0x0000000714c00000, 0x0000000714c00000, 0x0000000714e00000|  0%| F|  |TAMS 0x0000000714c00000| PB 0x0000000714c00000| Untracked |  0
|  64|0x0000000714e00000, 0x0000000714e00000, 0x0000000715000000|  0%| F|  |TAMS 0x0000000714e00000| PB 0x0000000714e00000| Untracked |  0
|  65|0x0000000715000000, 0x0000000715000000, 0x0000000715200000|  0%| F|  |TAMS 0x0000000715000000| PB 0x0000000715000000| Untracked |  0
|  66|0x0000000715200000, 0x0000000715200000, 0x0000000715400000|  0%| F|  |TAMS 0x0000000715200000| PB 0x0000000715200000| Untracked |  0
|  67|0x0000000715400000, 0x0000000715400000, 0x0000000715600000|  0%| F|  |TAMS 0x0000000715400000| PB 0x0000000715400000| Untracked |  0
|  68|0x0000000715600000, 0x0000000715600000, 0x0000000715800000|  0%| F|  |TAMS 0x0000000715600000| PB 0x0000000715600000| Untracked |  0
|  69|0x0000000715800000, 0x0000000715800000, 0x0000000715a00000|  0%| F|  |TAMS 0x0000000715800000| PB 0x0000000715800000| Untracked |  0
|  70|0x0000000715a00000, 0x0000000715a00000, 0x0000000715c00000|  0%| F|  |TAMS 0x0000000715a00000| PB 0x0000000715a00000| Untracked |  0
|  71|0x0000000715c00000, 0x0000000715c00000, 0x0000000715e00000|  0%| F|  |TAMS 0x0000000715c00000| PB 0x0000000715c00000| Untracked |  0
|  72|0x0000000715e00000, 0x0000000715e00000, 0x0000000716000000|  0%| F|  |TAMS 0x0000000715e00000| PB 0x0000000715e00000| Untracked |  0
|  73|0x0000000716000000, 0x0000000716000000, 0x0000000716200000|  0%| F|  |TAMS 0x0000000716000000| PB 0x0000000716000000| Untracked |  0
|  74|0x0000000716200000, 0x0000000716200000, 0x0000000716400000|  0%| F|  |TAMS 0x0000000716200000| PB 0x0000000716200000| Untracked |  0
|  75|0x0000000716400000, 0x0000000716400000, 0x0000000716600000|  0%| F|  |TAMS 0x0000000716400000| PB 0x0000000716400000| Untracked |  0
|  76|0x0000000716600000, 0x0000000716600000, 0x0000000716800000|  0%| F|  |TAMS 0x0000000716600000| PB 0x0000000716600000| Untracked |  0
|  77|0x0000000716800000, 0x0000000716800000, 0x0000000716a00000|  0%| F|  |TAMS 0x0000000716800000| PB 0x0000000716800000| Untracked |  0
|  78|0x0000000716a00000, 0x0000000716a00000, 0x0000000716c00000|  0%| F|  |TAMS 0x0000000716a00000| PB 0x0000000716a00000| Untracked |  0
|  79|0x0000000716c00000, 0x0000000716c00000, 0x0000000716e00000|  0%| F|  |TAMS 0x0000000716c00000| PB 0x0000000716c00000| Untracked |  0
|  80|0x0000000716e00000, 0x0000000716e00000, 0x0000000717000000|  0%| F|  |TAMS 0x0000000716e00000| PB 0x0000000716e00000| Untracked |  0
|  81|0x0000000717000000, 0x0000000717000000, 0x0000000717200000|  0%| F|  |TAMS 0x0000000717000000| PB 0x0000000717000000| Untracked |  0
|  82|0x0000000717200000, 0x0000000717200000, 0x0000000717400000|  0%| F|  |TAMS 0x0000000717200000| PB 0x0000000717200000| Untracked |  0
|  83|0x0000000717400000, 0x0000000717400000, 0x0000000717600000|  0%| F|  |TAMS 0x0000000717400000| PB 0x0000000717400000| Untracked |  0
|  84|0x0000000717600000, 0x0000000717600000, 0x0000000717800000|  0%| F|  |TAMS 0x0000000717600000| PB 0x0000000717600000| Untracked |  0
|  85|0x0000000717800000, 0x0000000717800000, 0x0000000717a00000|  0%| F|  |TAMS 0x0000000717800000| PB 0x0000000717800000| Untracked |  0
|  86|0x0000000717a00000, 0x0000000717a00000, 0x0000000717c00000|  0%| F|  |TAMS 0x0000000717a00000| PB 0x0000000717a00000| Untracked |  0
|  87|0x0000000717c00000, 0x0000000717c00000, 0x0000000717e00000|  0%| F|  |TAMS 0x0000000717c00000| PB 0x0000000717c00000| Untracked |  0
|  88|0x0000000717e00000, 0x0000000717e00000, 0x0000000718000000|  0%| F|  |TAMS 0x0000000717e00000| PB 0x0000000717e00000| Untracked |  0
|  89|0x0000000718000000, 0x0000000718000000, 0x0000000718200000|  0%| F|  |TAMS 0x0000000718000000| PB 0x0000000718000000| Untracked |  0
|  90|0x0000000718200000, 0x0000000718200000, 0x0000000718400000|  0%| F|  |TAMS 0x0000000718200000| PB 0x0000000718200000| Untracked |  0
|  91|0x0000000718400000, 0x0000000718400000, 0x0000000718600000|  0%| F|  |TAMS 0x0000000718400000| PB 0x0000000718400000| Untracked |  0
|  92|0x0000000718600000, 0x0000000718600000, 0x0000000718800000|  0%| F|  |TAMS 0x0000000718600000| PB 0x0000000718600000| Untracked |  0
|  93|0x0000000718800000, 0x0000000718800000, 0x0000000718a00000|  0%| F|  |TAMS 0x0000000718800000| PB 0x0000000718800000| Untracked |  0
|  94|0x0000000718a00000, 0x0000000718c00000, 0x0000000718c00000|100%| E|  |TAMS 0x0000000718a00000| PB 0x0000000718a00000| Complete |  0
|  95|0x0000000718c00000, 0x0000000718e00000, 0x0000000718e00000|100%| S|CS|TAMS 0x0000000718c00000| PB 0x0000000718c00000| Complete |  0
|  96|0x0000000718e00000, 0x0000000719000000, 0x0000000719000000|100%| S|CS|TAMS 0x0000000718e00000| PB 0x0000000718e00000| Complete |  0
|  97|0x0000000719000000, 0x0000000719200000, 0x0000000719200000|100%| S|CS|TAMS 0x0000000719000000| PB 0x0000000719000000| Complete |  0
|  98|0x0000000719200000, 0x0000000719400000, 0x0000000719400000|100%| E|CS|TAMS 0x0000000719200000| PB 0x0000000719200000| Complete |  0
|  99|0x0000000719400000, 0x0000000719600000, 0x0000000719600000|100%| E|CS|TAMS 0x0000000719400000| PB 0x0000000719400000| Complete |  0
| 100|0x0000000719600000, 0x0000000719800000, 0x0000000719800000|100%| E|CS|TAMS 0x0000000719600000| PB 0x0000000719600000| Complete |  0
| 101|0x0000000719800000, 0x0000000719a00000, 0x0000000719a00000|100%| E|CS|TAMS 0x0000000719800000| PB 0x0000000719800000| Complete |  0
| 102|0x0000000719a00000, 0x0000000719c00000, 0x0000000719c00000|100%| E|CS|TAMS 0x0000000719a00000| PB 0x0000000719a00000| Complete |  0
| 103|0x0000000719c00000, 0x0000000719e00000, 0x0000000719e00000|100%| E|CS|TAMS 0x0000000719c00000| PB 0x0000000719c00000| Complete |  0
| 104|0x0000000719e00000, 0x000000071a000000, 0x000000071a000000|100%| E|CS|TAMS 0x0000000719e00000| PB 0x0000000719e00000| Complete |  0
| 105|0x000000071a000000, 0x000000071a200000, 0x000000071a200000|100%| E|CS|TAMS 0x000000071a000000| PB 0x000000071a000000| Complete |  0
| 106|0x000000071a200000, 0x000000071a400000, 0x000000071a400000|100%| E|CS|TAMS 0x000000071a200000| PB 0x000000071a200000| Complete |  0
| 107|0x000000071a400000, 0x000000071a600000, 0x000000071a600000|100%| E|CS|TAMS 0x000000071a400000| PB 0x000000071a400000| Complete |  0
| 108|0x000000071a600000, 0x000000071a800000, 0x000000071a800000|100%| E|CS|TAMS 0x000000071a600000| PB 0x000000071a600000| Complete |  0
| 109|0x000000071a800000, 0x000000071aa00000, 0x000000071aa00000|100%| E|CS|TAMS 0x000000071a800000| PB 0x000000071a800000| Complete |  0
| 110|0x000000071aa00000, 0x000000071ac00000, 0x000000071ac00000|100%| E|CS|TAMS 0x000000071aa00000| PB 0x000000071aa00000| Complete |  0
| 111|0x000000071ac00000, 0x000000071ae00000, 0x000000071ae00000|100%| E|CS|TAMS 0x000000071ac00000| PB 0x000000071ac00000| Complete |  0
| 112|0x000000071ae00000, 0x000000071b000000, 0x000000071b000000|100%| E|CS|TAMS 0x000000071ae00000| PB 0x000000071ae00000| Complete |  0
| 113|0x000000071b000000, 0x000000071b200000, 0x000000071b200000|100%| E|CS|TAMS 0x000000071b000000| PB 0x000000071b000000| Complete |  0
| 114|0x000000071b200000, 0x000000071b400000, 0x000000071b400000|100%| E|CS|TAMS 0x000000071b200000| PB 0x000000071b200000| Complete |  0
| 115|0x000000071b400000, 0x000000071b600000, 0x000000071b600000|100%| E|CS|TAMS 0x000000071b400000| PB 0x000000071b400000| Complete |  0
| 116|0x000000071b600000, 0x000000071b800000, 0x000000071b800000|100%| E|CS|TAMS 0x000000071b600000| PB 0x000000071b600000| Complete |  0
| 117|0x000000071b800000, 0x000000071ba00000, 0x000000071ba00000|100%| E|CS|TAMS 0x000000071b800000| PB 0x000000071b800000| Complete |  0
| 118|0x000000071ba00000, 0x000000071bc00000, 0x000000071bc00000|100%| E|CS|TAMS 0x000000071ba00000| PB 0x000000071ba00000| Complete |  0
| 119|0x000000071bc00000, 0x000000071be00000, 0x000000071be00000|100%| E|CS|TAMS 0x000000071bc00000| PB 0x000000071bc00000| Complete |  0
| 120|0x000000071be00000, 0x000000071c000000, 0x000000071c000000|100%| E|CS|TAMS 0x000000071be00000| PB 0x000000071be00000| Complete |  0
| 121|0x000000071c000000, 0x000000071c200000, 0x000000071c200000|100%| E|CS|TAMS 0x000000071c000000| PB 0x000000071c000000| Complete |  0
|1944|0x00000007ffe00000, 0x00000007fff24d00, 0x0000000800000000| 57%| O|  |TAMS 0x00000007ffe00000| PB 0x00000007ffe00000| Untracked |  0

Card table byte_map: [0x000001bd7ecd0000,0x000001bd7f470000] _byte_map_base: 0x000001bd7b469000

Marking Bits: (CMBitMap*) 0x000001bd7de890d0
 Bits: [0x000001bd17a30000, 0x000001bd1b6f8000)

Polling page: 0x000001bd7bc00000

Metaspace:
Metaspace        used 21040K, committed 21312K, reserved 1114112K
 class space     used 1994K, committed 2112K, reserved 1048576K

Usage:
  Non-class:     18.60 MB used.
      Class:      1.95 MB used.
       Both:     20.55 MB used.

Virtual space:
  Non-class space:       64.00 MB reserved,      18.75 MB ( 29%) committed,  1 nodes.
      Class space:        1.00 GB reserved,       2.06 MB ( <1%) committed,  1 nodes.
             Both:        1.06 GB reserved,      20.81 MB (  2%) committed. 

Chunk freelists:
   Non-Class:  12.66 MB
       Class:  13.91 MB
        Both:  26.56 MB

MaxMetaspaceSize: unlimited
CompressedClassSpaceSize: 1.00 GB
Initial GC threshold: 21.00 MB
Current GC threshold: 21.00 MB
CDS: on
 - commit_granule_bytes: 65536.
 - commit_granule_words: 8192.
 - virtual_space_node_default_size: 8388608.
 - enlarge_chunks_in_place: 1.
UseCompressedClassPointers 1, UseCompactObjectHeaders 0
Narrow klass pointer bits 32, Max shift 3
Narrow klass base: 0x0000000034000000, Narrow klass shift: 0
Encoding Range: [0x0000000034000000 - 0x0000000134000000), (4294967296 bytes)
Klass Range:    [0x0000000034010000 - 0x0000000075000000), (1090453504 bytes)
Klass ID Range:  [65536 - 1090519033) (1090453497)
Protection zone: [0x0000000034000000 - 0x0000000034010000), (65536 bytes)


Internal statistics:

num_allocs_failed_limit: 0.
num_arena_births: 222.
num_arena_deaths: 0.
num_vsnodes_births: 2.
num_vsnodes_deaths: 0.
num_space_committed: 333.
num_space_uncommitted: 0.
num_chunks_returned_to_freelist: 0.
num_chunks_taken_from_freelist: 886.
num_chunk_merges: 0.
num_chunk_splits: 623.
num_chunks_enlarged: 503.
num_inconsistent_stats: 0.

CodeHeap 'non-profiled nmethods': size=120064Kb used=1074Kb max_used=1074Kb free=118989Kb
 bounds [0x000001bd104f0000, 0x000001bd10760000, 0x000001bd17a30000]
CodeHeap 'profiled nmethods': size=120000Kb used=6015Kb max_used=6015Kb free=113984Kb
 bounds [0x000001bd08a30000, 0x000001bd09010000, 0x000001bd0ff60000]
CodeHeap 'non-nmethods': size=5696Kb used=1431Kb max_used=1505Kb free=4264Kb
 bounds [0x000001bd0ff60000, 0x000001bd101d0000, 0x000001bd104f0000]
CodeCache: size=245760Kb, used=8520Kb, max_used=8594Kb, free=237237Kb
 total_blobs=4193, nmethods=3642, adapters=453, full_count=0
Compilation: enabled, stopped_count=0, restarted_count=0

Compilation events (20 events):
Event: 2.856 Thread 0x000001bd7fc8fd60 nmethod 3540 0x000001bd08fe1d08 code [0x000001bd08fe1e00, 0x000001bd08fe1fc0]
Event: 2.856 Thread 0x000001bd7fc8fd60 3541       3       org.springframework.core.type.AnnotatedTypeMetadata$$Lambda/0x00000000351cad78::<init> (10 bytes)
Event: 2.856 Thread 0x000001bd7fc8fd60 nmethod 3541 0x000001bd08fe2008 code [0x000001bd08fe2100, 0x000001bd08fe22c0]
Event: 2.856 Thread 0x000001bd7fc8fd60 3544       3       java.lang.reflect.AccessFlag::maskToAccessFlags (67 bytes)
Event: 2.857 Thread 0x000001bd7fc8fd60 nmethod 3544 0x000001bd08fe2308 code [0x000001bd08fe2400, 0x000001bd08fe3298]
Event: 2.857 Thread 0x000001bd7fc8fd60 3542       3       org.springframework.core.type.AnnotatedTypeMetadata$$Lambda/0x00000000351cafc8::<init> (10 bytes)
Event: 2.857 Thread 0x000001bd7fc8fd60 nmethod 3542 0x000001bd08fe3308 code [0x000001bd08fe3400, 0x000001bd08fe35c0]
Event: 2.857 Thread 0x000001bd7fc8fd60 3543       3       org.springframework.core.type.AnnotatedTypeMetadata$$Lambda/0x00000000351cb218::get (8 bytes)
Event: 2.857 Thread 0x000001bd7fc8fd60 nmethod 3543 0x000001bd08fe3608 code [0x000001bd08fe3720, 0x000001bd08fe3930]
Event: 2.857 Thread 0x000001bd7fc8fd60 3554       1       org.springframework.core.type.classreading.ClassFileMetadataReader::getResource (5 bytes)
Event: 2.857 Thread 0x000001bd7fc8fd60 nmethod 3554 0x000001bd105f5088 code [0x000001bd105f5180, 0x000001bd105f5248]
Event: 2.857 Thread 0x000001bd7fc8fd60 3535       3       java.lang.reflect.Constructor::checkCanSetAccessible (29 bytes)
Event: 2.857 Thread 0x000001bd7fc8fd60 nmethod 3535 0x000001bd08fe3988 code [0x000001bd08fe3a80, 0x000001bd08fe3dd0]
Event: 2.857 Thread 0x000001bd7fc8fd60 3552       3       org.springframework.core.annotation.MergedAnnotationPredicates::unique (9 bytes)
Event: 2.858 Thread 0x000001bd7fc8fd60 nmethod 3552 0x000001bd08fe3e08 code [0x000001bd08fe3f00, 0x000001bd08fe46f0]
Event: 2.858 Thread 0x000001bd7fc8fd60 3553       3       org.springframework.core.annotation.MergedAnnotationPredicates$UniquePredicate::<init> (27 bytes)
Event: 2.858 Thread 0x000001bd7fc8fd60 nmethod 3553 0x000001bd08fe4708 code [0x000001bd08fe4800, 0x000001bd08fe4f48]
Event: 2.858 Thread 0x000001bd7fc8fd60 3545       3       java.lang.reflect.AccessFlag::findDefinition (118 bytes)
Event: 2.858 Thread 0x000001bd7fc8fd60 nmethod 3545 0x000001bd08fe4f88 code [0x000001bd08fe5080, 0x000001bd08fe55f0]
Event: 2.858 Thread 0x000001bd7fc8fd60 3555       3       java.util.ArrayList::forEach (74 bytes)

GC Heap Usage History (2 events):
Event: 1.582 {heap Before GC invocations=0 (full 0):
 garbage-first heap   total reserved 3983360K, committed 251904K, used 48275K [0x000000070ce00000, 0x0000000800000000)
  region size 2048K, 24 young (49152K), 0 survivors (0K)
}
Event: 1.590 {heap After GC invocations=1 (full 0):
 garbage-first heap   total reserved 3983360K, committed 251904K, used 9791K [0x000000070ce00000, 0x0000000800000000)
  region size 2048K, 3 young (6144K), 3 survivors (6144K)
}

Metaspace Usage History (2 events):
Event: 1.582 {metaspace Before GC invocations=0 (full 0):
 Metaspace       used 12226K, committed 12480K, reserved 1114112K
  class space    used 1168K, committed 1280K, reserved 1048576K
}
Event: 1.590 {metaspace After GC invocations=1 (full 0):
 Metaspace       used 12226K, committed 12480K, reserved 1114112K
  class space    used 1168K, committed 1280K, reserved 1048576K
}

Dll operation events (9 events):
Event: 0.020 Loaded shared library C:\Program Files\Eclipse Adoptium\jdk-25.0.0.36-hotspot\bin\java.dll
Event: 0.203 Loaded shared library C:\Program Files\Eclipse Adoptium\jdk-25.0.0.36-hotspot\bin\zip.dll
Event: 0.208 Loaded shared library C:\Program Files\Eclipse Adoptium\jdk-25.0.0.36-hotspot\bin\instrument.dll
Event: 0.214 Loaded shared library C:\Program Files\Eclipse Adoptium\jdk-25.0.0.36-hotspot\bin\net.dll
Event: 0.217 Loaded shared library C:\Program Files\Eclipse Adoptium\jdk-25.0.0.36-hotspot\bin\nio.dll
Event: 0.221 Loaded shared library C:\Program Files\Eclipse Adoptium\jdk-25.0.0.36-hotspot\bin\zip.dll
Event: 0.392 Loaded shared library C:\Program Files\Eclipse Adoptium\jdk-25.0.0.36-hotspot\bin\extnet.dll
Event: 0.409 Loaded shared library C:\Program Files\Eclipse Adoptium\jdk-25.0.0.36-hotspot\bin\jimage.dll
Event: 2.047 Loaded shared library C:\Program Files\Eclipse Adoptium\jdk-25.0.0.36-hotspot\bin\sunmscapi.dll

Deoptimization events (20 events):
Event: 2.401 Thread 0x000001bd7de203f0 DEOPT PACKING pc=0x000001bd08b465ae sp=0x0000007b52efe710
Event: 2.401 Thread 0x000001bd7de203f0 DEOPT UNPACKING pc=0x000001bd0ffb1702 sp=0x0000007b52efdbf8 mode 0
Event: 2.401 Thread 0x000001bd7de203f0 DEOPT PACKING pc=0x000001bd08b465ae sp=0x0000007b52efe710
Event: 2.401 Thread 0x000001bd7de203f0 DEOPT UNPACKING pc=0x000001bd0ffb1702 sp=0x0000007b52efdbf8 mode 0
Event: 2.467 Thread 0x000001bd7de203f0 Uncommon trap: trap_request=0xffffffd6 fr.pc=0x000001bd105d6d70 relative=0x0000000000000970
Event: 2.467 Thread 0x000001bd7de203f0 Uncommon trap: reason=array_check action=maybe_recompile pc=0x000001bd105d6d70 method=jdk.internal.classfile.impl.ClassReaderImpl.entryByIndex(ILjava/lang/Class;)Ljava/lang/classfile/constantpool/PoolEntry; @ 801 c2
Event: 2.467 Thread 0x000001bd7de203f0 DEOPT PACKING pc=0x000001bd105d6d70 sp=0x0000007b52efe290
Event: 2.467 Thread 0x000001bd7de203f0 DEOPT UNPACKING pc=0x000001bd1007f902 sp=0x0000007b52efe238 mode 2
Event: 2.467 Thread 0x000001bd7de203f0 Uncommon trap: trap_request=0xffffffd6 fr.pc=0x000001bd105d6d70 relative=0x0000000000000970
Event: 2.467 Thread 0x000001bd7de203f0 Uncommon trap: reason=array_check action=maybe_recompile pc=0x000001bd105d6d70 method=jdk.internal.classfile.impl.ClassReaderImpl.entryByIndex(ILjava/lang/Class;)Ljava/lang/classfile/constantpool/PoolEntry; @ 801 c2
Event: 2.467 Thread 0x000001bd7de203f0 DEOPT PACKING pc=0x000001bd105d6d70 sp=0x0000007b52efe310
Event: 2.467 Thread 0x000001bd7de203f0 DEOPT UNPACKING pc=0x000001bd1007f902 sp=0x0000007b52efe2b8 mode 2
Event: 2.467 Thread 0x000001bd7de203f0 Uncommon trap: trap_request=0xffffffd6 fr.pc=0x000001bd105d6d70 relative=0x0000000000000970
Event: 2.467 Thread 0x000001bd7de203f0 Uncommon trap: reason=array_check action=maybe_recompile pc=0x000001bd105d6d70 method=jdk.internal.classfile.impl.ClassReaderImpl.entryByIndex(ILjava/lang/Class;)Ljava/lang/classfile/constantpool/PoolEntry; @ 801 c2
Event: 2.467 Thread 0x000001bd7de203f0 DEOPT PACKING pc=0x000001bd105d6d70 sp=0x0000007b52efe000
Event: 2.467 Thread 0x000001bd7de203f0 DEOPT UNPACKING pc=0x000001bd1007f902 sp=0x0000007b52efdfa8 mode 2
Event: 2.467 Thread 0x000001bd7de203f0 Uncommon trap: trap_request=0xffffffd6 fr.pc=0x000001bd105d6d70 relative=0x0000000000000970
Event: 2.467 Thread 0x000001bd7de203f0 Uncommon trap: reason=array_check action=maybe_recompile pc=0x000001bd105d6d70 method=jdk.internal.classfile.impl.ClassReaderImpl.entryByIndex(ILjava/lang/Class;)Ljava/lang/classfile/constantpool/PoolEntry; @ 801 c2
Event: 2.467 Thread 0x000001bd7de203f0 DEOPT PACKING pc=0x000001bd105d6d70 sp=0x0000007b52efe080
Event: 2.467 Thread 0x000001bd7de203f0 DEOPT UNPACKING pc=0x000001bd1007f902 sp=0x0000007b52efe028 mode 2

Classes loaded (20 events):
Event: 2.269 Loading class jdk/internal/classfile/impl/AnnotationImpl$OfIntImpl
Event: 2.269 Loading class jdk/internal/classfile/impl/AnnotationImpl$OfIntImpl done
Event: 2.337 Loading class java/lang/Thread$ThreadNumbering
Event: 2.338 Loading class java/lang/Thread$ThreadNumbering done
Event: 2.410 Loading class java/lang/invoke/TypeConvertingMethodAdapter$BoxHolder
Event: 2.411 Loading class java/lang/invoke/TypeConvertingMethodAdapter$BoxHolder done
Event: 2.411 Loading class java/util/TreeMap$KeySet
Event: 2.412 Loading class java/util/TreeMap$KeySet done
Event: 2.412 Loading class java/util/TreeMap$KeyIterator
Event: 2.412 Loading class java/util/TreeMap$KeyIterator done
Event: 2.543 Loading class java/util/stream/Streams$ConcatSpliterator$OfRef
Event: 2.543 Loading class java/util/stream/Streams$ConcatSpliterator
Event: 2.543 Loading class java/util/stream/Streams$ConcatSpliterator done
Event: 2.543 Loading class java/util/stream/Streams$ConcatSpliterator$OfRef done
Event: 2.543 Loading class java/util/stream/Streams$2
Event: 2.543 Loading class java/util/stream/Streams$2 done
Event: 2.739 Loading class java/security/AccessControlException
Event: 2.739 Loading class java/security/AccessControlException done
Event: 2.745 Loading class java/beans/PropertyVetoException
Event: 2.745 Loading class java/beans/PropertyVetoException done

Classes unloaded (0 events):
No events

Classes redefined (0 events):
No events

Internal exceptions (20 events):
Event: 1.243 Thread 0x000001bd7de203f0 Exception <a 'java/lang/NoSuchMethodError'{0x000000071a099080}: 'java.lang.Object java.lang.invoke.Invokers$Holder.linkToTargetMethod(java.lang.Object, java.lang.Object, int, java.lang.Object, java.lang.Object)'> (0x000000071a099080) 
thrown [s\src\hotspot\share\interpreter\linkResolver.cpp, line 804]
Event: 1.245 Thread 0x000001bd7de203f0 Exception <a 'java/lang/NoSuchMethodError'{0x000000071a0b48f0}: 'java.lang.Object java.lang.invoke.DirectMethodHandle$Holder.newInvokeSpecial(java.lang.Object, int, java.lang.Object)'> (0x000000071a0b48f0) 
thrown [s\src\hotspot\share\interpreter\linkResolver.cpp, line 804]
Event: 1.246 Thread 0x000001bd7de203f0 Exception <a 'java/lang/NoSuchMethodError'{0x000000071a0bdee0}: 'int java.lang.invoke.DirectMethodHandle$Holder.invokeSpecialIFC(java.lang.Object, java.lang.Object, java.lang.Object, java.lang.Object)'> (0x000000071a0bdee0) 
thrown [s\src\hotspot\share\interpreter\linkResolver.cpp, line 804]
Event: 1.279 Thread 0x000001bd7de203f0 Exception <a 'java/lang/NoSuchMethodError'{0x000000071a19f910}: 'void java.lang.invoke.DirectMethodHandle$Holder.invokeInterface(java.lang.Object, java.lang.Object, java.lang.Object)'> (0x000000071a19f910) 
thrown [s\src\hotspot\share\interpreter\linkResolver.cpp, line 804]
Event: 1.304 Thread 0x000001bd7de203f0 Exception <a 'java/lang/NoSuchMethodError'{0x0000000719e2dde8}: 'void java.lang.invoke.DirectMethodHandle$Holder.invokeStaticInit(java.lang.Object, java.lang.Object, java.lang.Object)'> (0x0000000719e2dde8) 
thrown [s\src\hotspot\share\interpreter\linkResolver.cpp, line 804]
Event: 1.311 Thread 0x000001bd7de203f0 Exception <a 'java/lang/NoSuchMethodError'{0x0000000719e7e040}: 'java.lang.Object java.lang.invoke.DirectMethodHandle$Holder.invokeVirtual(java.lang.Object, java.lang.Object, java.lang.Object)'> (0x0000000719e7e040) 
thrown [s\src\hotspot\share\interpreter\linkResolver.cpp, line 804]
Event: 1.340 Thread 0x000001bd7de203f0 Exception <a 'java/lang/NoSuchMethodError'{0x0000000719f583a0}: 'void java.lang.invoke.DirectMethodHandle$Holder.invokeVirtual(java.lang.Object, java.lang.Object, java.lang.Object, java.lang.Object)'> (0x0000000719f583a0) 
thrown [s\src\hotspot\share\interpreter\linkResolver.cpp, line 804]
Event: 1.459 Thread 0x000001bd7de203f0 Exception <a 'java/lang/IncompatibleClassChangeError'{0x0000000719bcd7e0}: Found class java.lang.Object, but interface was expected> (0x0000000719bcd7e0) 
thrown [s\src\hotspot\share\interpreter\linkResolver.cpp, line 871]
Event: 1.525 Thread 0x000001bd22c894d0 Exception <a 'java/lang/NoSuchMethodError'{0x00000007194dbc58}: 'java.lang.Object java.lang.invoke.Invokers$Holder.linkToTargetMethod(java.lang.Object, int, java.lang.Object, java.lang.Object)'> (0x00000007194dbc58) 
thrown [s\src\hotspot\share\interpreter\linkResolver.cpp, line 804]
Event: 1.869 Thread 0x000001bd22c894d0 Exception <a 'java/lang/NoSuchMethodError'{0x000000071b7f4ed8}: 'long java.lang.invoke.DirectMethodHandle$Holder.invokeSpecial(java.lang.Object, java.lang.Object)'> (0x000000071b7f4ed8) 
thrown [s\src\hotspot\share\interpreter\linkResolver.cpp, line 804]
Event: 1.872 Thread 0x000001bd22c894d0 Exception <a 'java/lang/NoSuchMethodError'{0x000000071b412ff0}: 'long java.lang.invoke.DirectMethodHandle$Holder.invokeStatic(java.lang.Object, java.lang.Object)'> (0x000000071b412ff0) 
thrown [s\src\hotspot\share\interpreter\linkResolver.cpp, line 804]
Event: 1.873 Thread 0x000001bd22c894d0 Exception <a 'java/lang/NoSuchMethodError'{0x000000071b41ad98}: 'long java.lang.invoke.DirectMethodHandle$Holder.invokeStaticInit(java.lang.Object, java.lang.Object)'> (0x000000071b41ad98) 
thrown [s\src\hotspot\share\interpreter\linkResolver.cpp, line 804]
Event: 1.875 Thread 0x000001bd22c894d0 Exception <a 'java/lang/NoSuchMethodError'{0x000000071b440240}: 'long java.lang.invoke.DirectMethodHandle$Holder.invokeInterface(java.lang.Object, java.lang.Object)'> (0x000000071b440240) 
thrown [s\src\hotspot\share\interpreter\linkResolver.cpp, line 804]
Event: 1.876 Thread 0x000001bd22c894d0 Exception <a 'java/lang/IncompatibleClassChangeError'{0x000000071b447ef8}: Found class java.lang.Object, but interface was expected> (0x000000071b447ef8) 
thrown [s\src\hotspot\share\interpreter\linkResolver.cpp, line 871]
Event: 1.945 Thread 0x000001bd7de203f0 Exception <a 'java/lang/NoSuchMethodError'{0x000000071b3ec740}: 'int java.lang.invoke.DirectMethodHandle$Holder.invokeSpecial(java.lang.Object, java.lang.Object, java.lang.Object, java.lang.Object, java.lang.Object)'> (0x000000071b3ec740) 
thrown [s\src\hotspot\share\interpreter\linkResolver.cpp, line 804]
Event: 1.948 Thread 0x000001bd22c894d0 Exception <a 'java/lang/NoSuchMethodError'{0x000000071b042460}: 'java.lang.Object java.lang.invoke.DirectMethodHandle$Holder.newInvokeSpecial(java.lang.Object, java.lang.Object, java.lang.Object, int)'> (0x000000071b042460) 
thrown [s\src\hotspot\share\interpreter\linkResolver.cpp, line 804]
Event: 1.949 Thread 0x000001bd7de203f0 Exception <a 'java/lang/NoSuchMethodError'{0x000000071b3fe450}: 'void java.lang.invoke.DirectMethodHandle$Holder.invokeVirtual(java.lang.Object, java.lang.Object)'> (0x000000071b3fe450) 
thrown [s\src\hotspot\share\interpreter\linkResolver.cpp, line 804]
Event: 1.949 Thread 0x000001bd22c894d0 Exception <a 'java/lang/NoSuchMethodError'{0x000000071b04af78}: 'java.lang.Object java.lang.invoke.Invokers$Holder.linkToTargetMethod(java.lang.Object, java.lang.Object, int, java.lang.Object)'> (0x000000071b04af78) 
thrown [s\src\hotspot\share\interpreter\linkResolver.cpp, line 804]
Event: 2.039 Thread 0x000001bd7de203f0 Exception <a 'java/lang/NoSuchMethodError'{0x000000071ae9eb48}: 'java.lang.Object java.lang.invoke.DirectMethodHandle$Holder.invokeStatic(java.lang.Object, java.lang.Object, int)'> (0x000000071ae9eb48) 
thrown [s\src\hotspot\share\interpreter\linkResolver.cpp, line 804]
Event: 2.395 Thread 0x000001bd7de203f0 Exception <a 'java/lang/IncompatibleClassChangeError'{0x000000071a5f1668}: Found class java.lang.Object, but interface was expected> (0x000000071a5f1668) 
thrown [s\src\hotspot\share\interpreter\linkResolver.cpp, line 871]

VM Operations (20 events):
Event: 1.582 Executing safepoint VM operation: G1CollectForAllocation (G1 Evacuation Pause)
Event: 1.590 Executing safepoint VM operation: G1CollectForAllocation (G1 Evacuation Pause) done
Event: 1.643 Executing non-safepoint VM operation: HandshakeAllThreads (Deoptimize)
Event: 1.643 Executing non-safepoint VM operation: HandshakeAllThreads (Deoptimize) done
Event: 1.847 Executing non-safepoint VM operation: HandshakeAllThreads (Deoptimize)
Event: 1.848 Executing non-safepoint VM operation: HandshakeAllThreads (Deoptimize) done
Event: 1.922 Executing non-safepoint VM operation: HandshakeAllThreads (Deoptimize)
Event: 1.922 Executing non-safepoint VM operation: HandshakeAllThreads (Deoptimize) done
Event: 1.972 Executing non-safepoint VM operation: HandshakeAllThreads (Deoptimize)
Event: 1.972 Executing non-safepoint VM operation: HandshakeAllThreads (Deoptimize) done
Event: 1.980 Executing non-safepoint VM operation: HandshakeAllThreads (Deoptimize)
Event: 1.980 Executing non-safepoint VM operation: HandshakeAllThreads (Deoptimize) done
Event: 1.992 Executing non-safepoint VM operation: HandshakeAllThreads (Deoptimize)
Event: 1.992 Executing non-safepoint VM operation: HandshakeAllThreads (Deoptimize) done
Event: 1.999 Executing non-safepoint VM operation: HandshakeAllThreads (Deoptimize)
Event: 2.000 Executing non-safepoint VM operation: HandshakeAllThreads (Deoptimize) done
Event: 2.402 Executing non-safepoint VM operation: HandshakeAllThreads (Deoptimize)
Event: 2.402 Executing non-safepoint VM operation: HandshakeAllThreads (Deoptimize) done
Event: 2.718 Executing non-safepoint VM operation: HandshakeAllThreads (Deoptimize)
Event: 2.718 Executing non-safepoint VM operation: HandshakeAllThreads (Deoptimize) done

Memory protections (0 events):
No events

Nmethod flushes (0 events):
No events

Events (18 events):
Event: 0.037 Thread 0x000001bd7de203f0 Thread added: 0x000001bd7de203f0
Event: 0.058 Thread 0x000001bd7de203f0 Thread added: 0x000001bd7fc66250
Event: 0.058 Thread 0x000001bd7de203f0 Thread added: 0x000001bd7fc67980
Event: 0.059 Thread 0x000001bd7de203f0 Thread added: 0x000001bd7fc6cd70
Event: 0.059 Thread 0x000001bd7de203f0 Thread added: 0x000001bd7fc6ea90
Event: 0.059 Thread 0x000001bd7de203f0 Thread added: 0x000001bd7fc72140
Event: 0.059 Thread 0x000001bd7de203f0 Thread added: 0x000001bd7fc72d00
Event: 0.059 Thread 0x000001bd7de203f0 Thread added: 0x000001bd7fc83890
Event: 0.059 Thread 0x000001bd7de203f0 Thread added: 0x000001bd7fc8fd60
Event: 0.197 Thread 0x000001bd7fc8fd60 Thread added: 0x000001bd1d9ae110
Event: 0.211 Thread 0x000001bd7de203f0 Thread added: 0x000001bd1da86190
Event: 0.371 Thread 0x000001bd7de203f0 Thread added: 0x000001bd1dd1ba50
Event: 0.372 Thread 0x000001bd7de203f0 Thread added: 0x000001bd1dd1c210
Event: 1.440 Thread 0x000001bd7de203f0 Thread added: 0x000001bd22c894d0
Event: 2.012 Thread 0x000001bd7fc8fd60 Thread added: 0x000001bd1d9b2190
Event: 2.117 Thread 0x000001bd22c894d0 Thread exited: 0x000001bd22c894d0
Event: 2.338 Thread 0x000001bd7de203f0 Thread added: 0x000001bd22fd0b50
Event: 2.386 Thread 0x000001bd22fd0b50 Thread exited: 0x000001bd22fd0b50


Dynamic libraries:
0x00007ff796040000 - 0x00007ff79604e000 	C:\Program Files\Eclipse Adoptium\jdk-25.0.0.36-hotspot\bin\java.exe
0x00007ffa031a0000 - 0x00007ffa03406000 	C:\WINDOWS\SYSTEM32\ntdll.dll
0x00007ffa01bb0000 - 0x00007ffa01c79000 	C:\WINDOWS\System32\KERNEL32.DLL
0x00007ffa00670000 - 0x00007ffa00a6e000 	C:\WINDOWS\System32\KERNELBASE.dll
0x00007ffa00bf0000 - 0x00007ffa00d3c000 	C:\WINDOWS\System32\ucrtbase.dll
0x00007ff9e4130000 - 0x00007ff9e414e000 	C:\Program Files\Eclipse Adoptium\jdk-25.0.0.36-hotspot\bin\VCRUNTIME140.dll
0x00007ff9d9e90000 - 0x00007ff9d9ea6000 	C:\Program Files\Eclipse Adoptium\jdk-25.0.0.36-hotspot\bin\jli.dll
0x00007ffa024d0000 - 0x00007ffa02697000 	C:\WINDOWS\System32\USER32.dll
0x00007ff9e0df0000 - 0x00007ff9e1082000 	C:\WINDOWS\WinSxS\amd64_microsoft.windows.common-controls_6595b64144ccf1df_6.0.26100.8894_none_3e0f749ee32e02ea\COMCTL32.dll
0x00007ffa00de0000 - 0x00007ffa00e07000 	C:\WINDOWS\System32\win32u.dll
0x00007ffa015e0000 - 0x00007ffa01689000 	C:\WINDOWS\System32\msvcrt.dll
0x00007ffa01fa0000 - 0x00007ffa01fcb000 	C:\WINDOWS\System32\GDI32.dll
0x00007ffa00540000 - 0x00007ffa0066a000 	C:\WINDOWS\System32\gdi32full.dll
0x00007ffa00b40000 - 0x00007ffa00be3000 	C:\WINDOWS\System32\msvcp_win.dll
0x00007ffa023e0000 - 0x00007ffa02412000 	C:\WINDOWS\System32\IMM32.DLL
0x00007ff9f2740000 - 0x00007ff9f274c000 	C:\Program Files\Eclipse Adoptium\jdk-25.0.0.36-hotspot\bin\vcruntime140_1.dll
0x00007ff9ba180000 - 0x00007ff9ba20d000 	C:\Program Files\Eclipse Adoptium\jdk-25.0.0.36-hotspot\bin\msvcp140.dll
0x00007ff8f92e0000 - 0x00007ff8fa206000 	C:\Program Files\Eclipse Adoptium\jdk-25.0.0.36-hotspot\bin\server\jvm.dll
0x00007ffa01c80000 - 0x00007ffa01d37000 	C:\WINDOWS\System32\ADVAPI32.dll
0x00007ffa01690000 - 0x00007ffa0173a000 	C:\WINDOWS\System32\sechost.dll
0x00007ffa01d40000 - 0x00007ffa01e58000 	C:\WINDOWS\System32\RPCRT4.dll
0x00007ffa01e60000 - 0x00007ffa01ee0000 	C:\WINDOWS\System32\WS2_32.dll
0x00007ffa00220000 - 0x00007ffa0027e000 	C:\WINDOWS\SYSTEM32\POWRPROF.dll
0x00007ff9ede40000 - 0x00007ff9ede76000 	C:\WINDOWS\SYSTEM32\WINMM.dll
0x00007ff9f1760000 - 0x00007ff9f176b000 	C:\WINDOWS\SYSTEM32\VERSION.dll
0x00007ffa00200000 - 0x00007ffa00214000 	C:\WINDOWS\SYSTEM32\UMPDC.dll
0x00007ff9fefc0000 - 0x00007ff9fefdb000 	C:\WINDOWS\SYSTEM32\kernel.appcore.dll
0x00007ff9f19d0000 - 0x00007ff9f19da000 	C:\Program Files\Eclipse Adoptium\jdk-25.0.0.36-hotspot\bin\jimage.dll
0x00007ff9f0b00000 - 0x00007ff9f0d42000 	C:\WINDOWS\SYSTEM32\DBGHELP.DLL
0x00007ffa01820000 - 0x00007ffa01ba3000 	C:\WINDOWS\System32\combase.dll
0x00007ffa01740000 - 0x00007ffa01819000 	C:\WINDOWS\System32\OLEAUT32.dll
0x00007ff9dd190000 - 0x00007ff9dd1cb000 	C:\WINDOWS\SYSTEM32\dbgcore.DLL
0x00007ffa00e10000 - 0x00007ffa00ebc000 	C:\WINDOWS\System32\bcryptPrimitives.dll
0x00007ff9f0880000 - 0x00007ff9f088f000 	C:\Program Files\Eclipse Adoptium\jdk-25.0.0.36-hotspot\bin\instrument.dll
0x00007ff9d7100000 - 0x00007ff9d711e000 	C:\Program Files\Eclipse Adoptium\jdk-25.0.0.36-hotspot\bin\java.dll
0x00007ffa02e50000 - 0x00007ffa02fe9000 	C:\WINDOWS\System32\ole32.dll
0x00007ffa026a0000 - 0x00007ffa02e32000 	C:\WINDOWS\System32\SHELL32.dll
0x00007ff9fde20000 - 0x00007ff9fe6b2000 	C:\WINDOWS\SYSTEM32\windows.storage.dll
0x00007ffa03060000 - 0x00007ffa03157000 	C:\WINDOWS\System32\SHCORE.dll
0x00007ffa02ff0000 - 0x00007ffa03057000 	C:\WINDOWS\System32\shlwapi.dll
0x00007ffa002e0000 - 0x00007ffa00309000 	C:\WINDOWS\SYSTEM32\profapi.dll
0x00007ff9cd210000 - 0x00007ff9cd227000 	C:\Program Files\Eclipse Adoptium\jdk-25.0.0.36-hotspot\bin\zip.dll
0x00007ff9cd250000 - 0x00007ff9cd261000 	C:\Program Files\Eclipse Adoptium\jdk-25.0.0.36-hotspot\bin\net.dll
0x00007ff9ff5f0000 - 0x00007ff9ff65c000 	C:\WINDOWS\system32\mswsock.dll
0x00007ff9cd230000 - 0x00007ff9cd246000 	C:\Program Files\Eclipse Adoptium\jdk-25.0.0.36-hotspot\bin\nio.dll
0x00007ff9ec930000 - 0x00007ff9ec939000 	C:\Program Files\Eclipse Adoptium\jdk-25.0.0.36-hotspot\bin\extnet.dll
0x00007ff9ec200000 - 0x00007ff9ec20e000 	C:\Program Files\Eclipse Adoptium\jdk-25.0.0.36-hotspot\bin\sunmscapi.dll
0x00007ffa003c0000 - 0x00007ffa00538000 	C:\WINDOWS\System32\CRYPT32.dll
0x00007ff9ffb90000 - 0x00007ff9ffbc0000 	C:\WINDOWS\SYSTEM32\ncrypt.dll
0x00007ff9ffb40000 - 0x00007ff9ffb7f000 	C:\WINDOWS\SYSTEM32\NTASN1.dll

JVMTI agents:
C:\Program Files\JetBrains\IntelliJ IDEA 2025.2.2\lib\idea_rt.jar path:C:\Program Files\Eclipse Adoptium\jdk-25.0.0.36-hotspot\bin\instrument.dll, loaded, initialized, instrumentlib options:1293

dbghelp: loaded successfully - version: 4.0.5 - missing functions: none
symbol engine: initialized successfully - sym options: 0x614 - pdb path: .;C:\Program Files\Eclipse Adoptium\jdk-25.0.0.36-hotspot\bin;C:\WINDOWS\SYSTEM32;C:\WINDOWS\WinSxS\amd64_microsoft.windows.common-controls_6595b64144ccf1df_6.0.26100.8894_none_3e0f749ee32e02ea;C:\Program Files\Eclipse Adoptium\jdk-25.0.0.36-hotspot\bin\server

VM Arguments:
jvm_args: -javaagent:C:\Program Files\JetBrains\IntelliJ IDEA 2025.2.2\lib\idea_rt.jar=1293 -Dfile.encoding=UTF-8 -Dsun.stdout.encoding=UTF-8 -Dsun.stderr.encoding=UTF-8 
java_command: com.evshare.backend.BackendApplication
java_class_path (initial): E:\tttn\evshare-project\backend\target\classes;C:\Users\MinhHiepPro\.m2\repository\org\springframework\boot\spring-boot-starter-data-jpa\4.1.0\spring-boot-starter-data-jpa-4.1.0.jar;C:\Users\MinhHiepPro\.m2\repository\org\springframework\boot\spring-boot-starter\4.1.0\spring-boot-starter-4.1.0.jar;C:\Users\MinhHiepPro\.m2\repository\org\springframework\boot\spring-boot-starter-logging\4.1.0\spring-boot-starter-logging-4.1.0.jar;C:\Users\MinhHiepPro\.m2\repository\ch\qos\logback\logback-classic\1.5.34\logback-classic-1.5.34.jar;C:\Users\MinhHiepPro\.m2\repository\ch\qos\logback\logback-core\1.5.34\logback-core-1.5.34.jar;C:\Users\MinhHiepPro\.m2\repository\org\apache\logging\log4j\log4j-to-slf4j\2.25.4\log4j-to-slf4j-2.25.4.jar;C:\Users\MinhHiepPro\.m2\repository\org\apache\logging\log4j\log4j-api\2.25.4\log4j-api-2.25.4.jar;C:\Users\MinhHiepPro\.m2\repository\org\slf4j\jul-to-slf4j\2.0.18\jul-to-slf4j-2.0.18.jar;C:\Users\MinhHiepPro\.m2\repository\org\springframework\boot\spring-boot-autoconfigure\4.1.0\spring-boot-autoconfigure-4.1.0.jar;C:\Users\MinhHiepPro\.m2\repository\jakarta\annotation\jakarta.annotation-api\3.0.0\jakarta.annotation-api-3.0.0.jar;C:\Users\MinhHiepPro\.m2\repository\org\yaml\snakeyaml\2.6\snakeyaml-2.6.jar;C:\Users\MinhHiepPro\.m2\repository\org\springframework\boot\spring-boot-starter-jdbc\4.1.0\spring-boot-starter-jdbc-4.1.0.jar;C:\Users\MinhHiepPro\.m2\repository\com\zaxxer\HikariCP\7.0.2\HikariCP-7.0.2.jar;C:\Users\MinhHiepPro\.m2\repository\org\slf4j\slf4j-api\2.0.18\slf4j-api-2.0.18.jar;C:\Users\MinhHiepPro\.m2\repository\org\springframework\boot\spring-boot-data-jpa\4.1.0\spring-boot-data-jpa-4.1.0.jar;C:\Users\MinhHiepPro\.m2\repository\org\springframework\boot\spring-boot-data-commons\4.1.0\spring-boot-data-commons-4.1.0.jar;C:\Users\MinhHiepPro\.m2\repository\org\springframework\boot\spring-boot-persistence\4.1.0\spring-boot-persistence-4.1.0.jar;C:\Users\MinhHiepPro\.m2\repository\org\springframework\data\spring-data-commons\4.1.0\spring-data-commons-4.1.0.jar;C:\Users\MinhHiepPro\.m2\repository\org\springframework\boot\spring-boot-hibernate\4.1.0\spring-boot-hibernate-4.1.0.jar;C:\Users\MinhHiepPro\.m2\repository\org\springframework\boot\spring-boot-jpa\4.1.0\spring-boot-jpa-4.1.0.jar;C:\Users\MinhHiepPro\.m2\repository\jakarta\persistence\jakarta.persistence-api\3.2.0\jakarta.persistence-api-3.2.0.jar;C:\Users\MinhHiepPro\.m2\repository\org\hibernate\orm\hibernate-core\7.4.1.Final\hibernate-core-7.4.1.Final.jar;C:\Users\MinhHiepPro\.m2\repository\jakarta\transaction\jakarta.transaction-api\2.0.1\jakarta.transaction-api-2.0.1.jar;C:\Users\MinhHiepPro\.m2\repository\org\jboss\logging\jboss-logging\3.6.3.Final\jboss-logging-3.6.3.Final.jar;C:\Users\MinhHiepPro\.m2\repository\org\hibernate\models\hibernate-models\1.1.1\hibernate-models-1.1.1.jar;C:\Users\MinhHiepPro\.m2\repository\org\glassfish\jaxb\jaxb-runtime\4.0.9\jaxb-runtime-4.0.9.jar;C:\Users\MinhHiepPro\.m2\repository\org\glassfish\jaxb\jaxb-core\4.0.9\jaxb-core-4.0.9.jar;C:\Users\MinhHiepPro\.m2\repository\org\eclipse\angus\angus-activation\2.0.3\angus-activation-2.0.3.jar;C:\Users\MinhHiepPro\.m2\repository\org\glassfish\jaxb\txw2\4.0.9\txw2-4.0.9.jar;C:\Users\MinhHiepPro\.m2\repository\com\sun\istack\istack-commons-runtime\4.1.2\istack-commons-runtime-4.1.2.jar;C:\Users\MinhHiepPro\.m2\repository\jakarta\inject\jakarta.inject-api\2.0.1\jakarta.inject-api-2.0.1.jar;C:\Users\MinhHiepPro\.m2\repository\org\springframework\spring-orm\7.0.8\spring-orm-7.0.8.jar;C:\Users\MinhHiepPro\.m2\repository\org\springframework\data\spring-data-jpa\4.1.0\spring-data-jpa-4.1.0.jar;C:\Users\MinhHiepPro\.m2\repository\org\springframework\spring-context\7.0.8\spring-context-7.0.8.jar;C:\Users\MinhHiepPro\.m2\repository\org\springframework\spring-tx\7.0.8\spring-tx-7.0.8.jar;C:\Users\MinhHiepPro\.m2\repository\org\antlr\antlr4-runtime\4.13.2\antlr4-runtime-4.13.2.jar;C:\Users\MinhHiepPro\.m2\repository\org\springframework\spring-aspects\7.0.8\spring-aspects-7.0.8.jar;C:\Users\MinhHiepPro\.m2\repository\org\aspectj\aspectjweaver\1.9.25.1\aspectjweaver-1.9.25.1.jar;C:\Users\MinhHiepPro\.m2\repository\org\springframework\boot\spring-boot-jdbc\4.1.0\spring-boot-jdbc-4.1.0.jar;C:\Users\MinhHiepPro\.m2\repository\org\springframework\boot\spring-boot\4.1.0\spring-boot-4.1.0.jar;C:\Users\MinhHiepPro\.m2\repository\org\springframework\boot\spring-boot-sql\4.1.0\spring-boot-sql-4.1.0.jar;C:\Users\MinhHiepPro\.m2\repository\org\springframework\boot\spring-boot-transaction\4.1.0\spring-boot-transaction-4.1.0.jar;C:\Users\MinhHiepPro\.m2\repository\org\springframework\spring-jdbc\7.0.8\spring-jdbc-7.0.8.jar;C:\Users\MinhHiepPro\.m2\repository\org\springframework\boot\spring-boot-starter-webmvc\4.1.0\spring-boot-starter-webmvc-4.1.0.jar;C:\Users\MinhHiepPro\.m2\repository\org\springframework\boot\spring-boot-starter-jackson\4.1.0\spring-boot-starter-jackson-4.1.0.jar;C:\Users\MinhHiepPro\.m2\repository\org\springframework\boot\spring-boot-jackson\4.1.0\spring-boot-jackson-4.1.0.jar;C:\Users\MinhHiepPro\.m2\repository\tools\jackson\core\jackson-databind\3.1.4\jackson-databind-3.1.4.jar;C:\Users\MinhHiepPro\.m2\repository\tools\jackson\core\jackson-core\3.1.4\jackson-core-3.1.4.jar;C:\Users\MinhHiepPro\.m2\repository\org\springframework\boot\spring-boot-starter-tomcat\4.1.0\spring-boot-starter-tomcat-4.1.0.jar;C:\Users\MinhHiepPro\.m2\repository\org\springframework\boot\spring-boot-starter-tomcat-runtime\4.1.0\spring-boot-starter-tomcat-runtime-4.1.0.jar;C:\Users\MinhHiepPro\.m2\repository\org\apache\tomcat\embed\tomcat-embed-core\11.0.22\tomcat-embed-core-11.0.22.jar;C:\Users\MinhHiepPro\.m2\repository\org\apache\tomcat\embed\tomcat-embed-el\11.0.22\tomcat-embed-el-11.0.22.jar;C:\Users\MinhHiepPro\.m2\repository\org\apache\tomcat\embed\tomcat-embed-websocket\11.0.22\tomcat-embed-websocket-11.0.22.jar;C:\Users\MinhHiepPro\.m2\repository\org\springframework\boot\spring-boot-tomcat\4.1.0\spring-boot-tomcat-4.1.0.jar;C:\Users\MinhHiepPro\.m2\repository\org\springframework\boot\spring-boot-http-converter\4.1.0\spring-boot-http-converter-4.1.0.jar;C:\Users\MinhHiepPro\.m2\repository\org\springframework\spring-web\7.0.8\spring-web-7.0.8.jar;C:\Users\MinhHiepPro\.m2\repository\io\micrometer\micrometer-observation\1.17.0\micrometer-observation-1.17.0.jar;C:\Users\MinhHiepPro\.m2\repository\io\micrometer\micrometer-commons\1.17.0\micrometer-commons-1.17.0.jar;C:\Users\MinhHiepPro\.m2\repository\org\springframework\boot\spring-boot-webmvc\4.1.0\spring-boot-webmvc-4.1.0.jar;C:\Users\MinhHiepPro\.m2\repository\org\springframework\boot\spring-boot-servlet\4.1.0\spring-boot-servlet-4.1.0.jar;C:\Users\MinhHiepPro\.m2\repository\org\springframework\spring-webmvc\7.0.8\spring-webmvc-7.0.8.jar;C:\Users\MinhHiepPro\.m2\repository\org\springframework\spring-expression\7.0.8\spring-expression-7.0.8.jar;C:\Users\MinhHiepPro\.m2\repository\org\springframework\boot\spring-boot-starter-security\4.1.0\spring-boot-starter-security-4.1.0.jar;C:\Users\MinhHiepPro\.m2\repository\org\springframework\boot\spring-boot-security\4.1.0\spring-boot-security-4.1.0.jar;C:\Users\MinhHiepPro\.m2\repository\org\springframework\security\spring-security-config\7.1.0\spring-security-config-7.1.0.jar;C:\Users\MinhHiepPro\.m2\repository\org\springframework\security\spring-security-core\7.1.0\spring-security-core-7.1.0.jar;C:\Users\MinhHiepPro\.m2\repository\org\springframework\security\spring-security-crypto\7.1.0\spring-security-crypto-7.1.0.jar;C:\Users\MinhHiepPro\.m2\repository\org\springframework\security\spring-security-web\7.1.0\spring-security-web-7.1.0.jar;C:\Users\MinhHiepPro\.m2\repository\org\springframework\spring-aop\7.0.8\spring-aop-7.0.8.jar;C:\Users\MinhHiepPro\.m2\repository\org\springframework\spring-beans\7.0.8\spring-beans-7.0.8.jar;C:\Users\MinhHiepPro\.m2\repository\org\springframework\spring-core\7.0.8\spring-core-7.0.8.jar;C:\Users\MinhHiepPro\.m2\repository\commons-logging\commons-logging\1.3.6\commons-logging-1.3.6.jar;C:\Users\MinhHiepPro\.m2\repository\org\jspecify\jspecify\1.0.0\jspecify-1.0.0.jar;C:\Users\MinhHiepPro\.m2\repository\io\jsonwebtoken\jjwt-api\0.11.5\jjwt-api-0.11.5.jar;C:\Users\MinhHiepPro\.m2\repository\io\jsonwebtoken\jjwt-impl\0.11.5\jjwt-impl-0.11.5.jar;C:\Users\MinhHiepPro\.m2\repository\io\jsonwebtoken\jjwt-jackson\0.11.5\jjwt-jackson-0.11.5.jar;C:\Users\MinhHiepPro\.m2\repository\com\fasterxml\jackson\core\jackson-databind\2.21.4\jackson-databind-2.21.4.jar;C:\Users\MinhHiepPro\.m2\repository\com\fasterxml\jackson\core\jackson-annotations\2.21\jackson-annotations-2.21.jar;C:\Users\MinhHiepPro\.m2\repository\com\fasterxml\jackson\core\jackson-core\2.21.4\jackson-core-2.21.4.jar;C:\Users\MinhHiepPro\.m2\repository\com\mysql\mysql-connector-j\9.7.0\mysql-connector-j-9.7.0.jar;C:\Users\MinhHiepPro\.m2\repository\org\projectlombok\lombok\1.18.46\lombok-1.18.46.jar;C:\Users\MinhHiepPro\.m2\repository\jakarta\xml\bind\jakarta.xml.bind-api\4.0.5\jakarta.xml.bind-api-4.0.5.jar;C:\Users\MinhHiepPro\.m2\repository\jakarta\activation\jakarta.activation-api\2.1.4\jakarta.activation-api-2.1.4.jar;C:\Users\MinhHiepPro\.m2\repository\net\bytebuddy\byte-buddy\1.18.10\byte-buddy-1.18.10.jar;C:\Users\MinhHiepPro\.m2\repository\org\springframework\boot\spring-boot-web-server\4.1.0\spring-boot-web-server-4.1.0.jar
Launcher Type: SUN_STANDARD

[Global flags]
     intx CICompilerCount                          = 4                                         {product} {ergonomic}
     uint ConcGCThreads                            = 3                                         {product} {ergonomic}
     uint G1ConcRefinementThreads                  = 10                                        {product} {ergonomic}
   size_t G1HeapRegionSize                         = 2097152                                   {product} {ergonomic}
   size_t InitialHeapSize                          = 255852544                                 {product} {ergonomic}
   size_t MarkStackSize                            = 4194304                                   {product} {ergonomic}
   size_t MarkStackSizeMax                         = 536870912                                 {product} {ergonomic}
   size_t MaxHeapSize                              = 4078960640                                {product} {ergonomic}
   size_t MaxNewSize                               = 2447376384                                {product} {ergonomic}
   size_t MinHeapDeltaBytes                        = 2097152                                   {product} {ergonomic}
   size_t MinHeapSize                              = 8388608                                   {product} {ergonomic}
    uintx NonNMethodCodeHeapSize                   = 5832704                                {pd product} {ergonomic}
    uintx NonProfiledCodeHeapSize                  = 122945536                              {pd product} {ergonomic}
    uintx ProfiledCodeHeapSize                     = 122880000                              {pd product} {ergonomic}
    uintx ReservedCodeCacheSize                    = 251658240                              {pd product} {ergonomic}
     bool SegmentedCodeCache                       = true                                      {product} {ergonomic}
   size_t SoftMaxHeapSize                          = 4078960640                             {manageable} {ergonomic}
     bool UseCompressedOops                        = true                           {product lp64_product} {ergonomic}
     bool UseG1GC                                  = true                                      {product} {ergonomic}
     bool UseLargePagesIndividualAllocation        = false                                  {pd product} {ergonomic}

Logging:
Log output configuration:
 #0: stdout all=warning uptime,level,tags foldmultilines=false
 #1: stderr all=off uptime,level,tags foldmultilines=false

Release file:
IMPLEMENTOR="Eclipse Adoptium" 
IMPLEMENTOR_VERSION="Temurin-25+36" 
JAVA_RUNTIME_VERSION="25+36-LTS" 
JAVA_VERSION="25" 
JAVA_VERSION_DATE="2025-09-16" 
LIBC="default" 
MODULES="java.base java.compiler java.datatransfer java.xml java.prefs java.desktop java.instrument java.logging java.management java.security.sasl java.naming java.rmi java.management.rmi java.net.http java.scripting java.security.jgss java.transaction.xa java.sql java.sql.rowset java.xml.crypto java.se java.smartcardio jdk.accessibility jdk.internal.jvmstat jdk.attach jdk.charsets jdk.internal.opt jdk.zipfs jdk.compiler jdk.crypto.cryptoki jdk.crypto.ec jdk.crypto.mscapi jdk.dynalink jdk.internal.ed jdk.editpad jdk.internal.vm.ci jdk.graal.compiler jdk.graal.compiler.management jdk.hotspot.agent jdk.httpserver jdk.incubator.vector jdk.internal.le jdk.internal.md jdk.jartool jdk.javadoc jdk.jcmd jdk.management jdk.management.agent jdk.jconsole jdk.jdeps jdk.jdwp.agent jdk.jdi jdk.jfr jdk.jlink jdk.jpackage jdk.jshell jdk.jsobject jdk.jstatd jdk.localedata jdk.management.jfr jdk.naming.dns jdk.naming.rmi jdk.net jdk.nio.mapmode jdk.sctp jdk.security.auth jdk.security.jgss jdk.unsupported jdk.unsupported.desktop jdk.xml.dom" 
OS_ARCH="x86_64" 
OS_NAME="Windows" 
SOURCE=".:git:ef82ae723551" 
BUILD_SOURCE="git:b7337f50fb2a765519e79674ae790c2a7450149e"
BUILD_SOURCE_REPO="https://github.com/adoptium/temurin-build.git"
SOURCE_REPO="https://github.com/adoptium/jdk.git"
FULL_VERSION="25+36-LTS"
SEMANTIC_VERSION="25+36"
BUILD_INFO="OS: Windows Server 2022 Version: 10.0"
JVM_VARIANT="Hotspot"
JVM_VERSION="25+36-LTS"
IMAGE_TYPE="JDK"

Environment Variables:
JAVA_HOME=C:\Program Files\Eclipse Adoptium\jdk-25.0.0.36-hotspot\
PATH=C:\Program Files\Eclipse Adoptium\jdk-25.0.0.36-hotspot\bin;C:\Program Files (x86)\VMware\VMware Workstation\bin\;C:\WINDOWS\system32;C:\WINDOWS;C:\WINDOWS\System32\Wbem;C:\WINDOWS\System32\WindowsPowerShell\v1.0\;C:\WINDOWS\System32\OpenSSH\;C:\Program Files\nodejs\;C:\Program Files\Git\cmd;C:\Program Files\TortoiseGit\bin;C:\Program Files\NVIDIA Corporation\NVIDIA App\NvDLISR;C:\Program Files (x86)\NVIDIA Corporation\PhysX\Common;C:\Program Files (x86)\Eclipse\Sumo\bin\;C:\Program Files (x86)\Eclipse\Sumo\tools\;C:\Program Files\Docker\Docker\resources\bin;C:\Program Files\Microsoft SQL Server\150\Tools\Binn\;C:\Program Files\Microsoft SQL Server\Client SDK\ODBC\170\Tools\Binn\;C:\Program Files\dotnet\;C:\Program Files (x86)\Windows Kits\10\Windows Performance Toolkit\;C:\Program Files\cursor\resources\app\bin;C:\Program Files (x86)\Microsoft SQL Server\170\Tools\Binn\;C:\Program Files\Microsoft SQL Server\170\Tools\Binn\;C:\Program Files\Microsoft SQL Server\Client SDK\ODBC\180\Tools\Binn\;C:\Program Files\Microsoft SQL Server\170\DTS\Binn\;C:\Program Files\k6\;C:\Users\MinhHiepPro\AppData\Local\Programs\Python\Launcher\;C:\Users\MinhHiepPro\AppData\Local\Microsoft\WindowsApps;C:\Users\MinhHiepPro\AppData\Local\Programs\Microsoft VS Code\bin;C:\Program Files (x86)\Nmap;C:\Users\MinhHiepPro\AppData\Roaming\npm;C:\src\flutter\bin;C:\Users\MinhHiepPro\AppData\Local\Programs\Python\Python313\Scripts;C:\thuvien\apache-maven-3.9.11\bin;C:\Program Files\MySQL\MySQL Server 8.0\bin;C:\Users\MinhHiepPro\.dotnet\tools;C:\Program Files\PostgreSQL\18\bin;C:\Users\MinhHiepPro\AppData\Local\Programs\Antigravity IDE\bin
USERNAME=MinhHiepPro
OS=Windows_NT
PROCESSOR_IDENTIFIER=AMD64 Family 25 Model 68 Stepping 1, AuthenticAMD
TMP=C:\Users\MINHHI~1\AppData\Local\Temp
TEMP=C:\Users\MINHHI~1\AppData\Local\Temp




Compilation memory statistics disabled.

Periodic native trim disabled

---------------  S Y S T E M  ---------------

OS:
 Windows 11 , 64 bit Build 26100 (10.0.26100.8875)
OS uptime: 0 days 13:38 hours
Hyper-V role detected

CPU: total 12 (initial active 12) (12 cores per cpu, 2 threads per core) family 25 model 68 stepping 1 microcode 0xa404107, cx8, cmov, fxsr, ht, mmx, 3dnowpref, sse, sse2, sse3, ssse3, sse4a, sse4.1, sse4.2, popcnt, lzcnt, tsc, tscinvbit, avx, avx2, aes, erms, clmul, bmi1, bmi2, adx, sha, fma, vzeroupper, clflush, clflushopt, clwb, hv, rdtscp, rdpid, fsrm, f16c, cet_ss
Processor Information for processor 0
  Max Mhz: 3301, Current Mhz: 2503, Mhz Limit: 3301
Processor Information for processor 1
  Max Mhz: 3301, Current Mhz: 2008, Mhz Limit: 3301
Processor Information for processor 2
  Max Mhz: 3301, Current Mhz: 2008, Mhz Limit: 3301
Processor Information for processor 3
  Max Mhz: 3301, Current Mhz: 2503, Mhz Limit: 3301
Processor Information for processor 4
  Max Mhz: 3301, Current Mhz: 2503, Mhz Limit: 3301
Processor Information for processor 5
  Max Mhz: 3301, Current Mhz: 2503, Mhz Limit: 3301
Processor Information for processor 6
  Max Mhz: 3301, Current Mhz: 2503, Mhz Limit: 3301
Processor Information for processor 7
  Max Mhz: 3301, Current Mhz: 2503, Mhz Limit: 3301
Processor Information for processor 8
  Max Mhz: 3301, Current Mhz: 2503, Mhz Limit: 3301
Processor Information for processor 9
  Max Mhz: 3301, Current Mhz: 2008, Mhz Limit: 3301
Processor Information for processor 10
  Max Mhz: 3301, Current Mhz: 2008, Mhz Limit: 3301
Processor Information for processor 11
  Max Mhz: 3301, Current Mhz: 2503, Mhz Limit: 3301

Memory: 4k page, system-wide physical 15557M (787M free)
TotalPageFile size 27572M (AvailPageFile size 4M)
current process WorkingSet (physical memory assigned to process): 156M, peak: 156M
current process commit charge ("private bytes"): 386M, peak: 395M

vm_info: OpenJDK 64-Bit Server VM (25+36-LTS) for windows-amd64 JRE (25+36-LTS), built on 2025-09-16T00:00:00Z with unknown MS VC++:1942

END.
